###############################################################################
#
# IAR ELF Linker V2.10.1.148 for STM8                     28/Oct/2022  13:14:47
# Copyright 2010-2014 IAR Systems AB.
#
#    Output file  =  D:\tm88\STM8\main_program\Project\Debug\Exe\stm8l.out
#    Map file     =  D:\tm88\STM8\main_program\Project\Debug\List\stm8l.map
#    Command line =  
#        D:\tm88\STM8\main_program\Project\Debug\Obj\main.o
#        D:\tm88\STM8\main_program\Project\Debug\Obj\stm8l10x_clk.o
#        D:\tm88\STM8\main_program\Project\Debug\Obj\stm8l10x_exti.o
#        D:\tm88\STM8\main_program\Project\Debug\Obj\stm8l10x_gpio.o
#        D:\tm88\STM8\main_program\Project\Debug\Obj\stm8l10x_it.o
#        D:\tm88\STM8\main_program\Project\Debug\Obj\stm8l10x_tim2.o --redirect
#        _Printf=_PrintfFullNoMb --redirect _Scanf=_ScanfFullNoMb -o
#        D:\tm88\STM8\main_program\Project\Debug\Exe\stm8l.out --map
#        D:\tm88\STM8\main_program\Project\Debug\List\stm8l.map --config
#        "C:\Program Files (x86)\IAR Systems\Embedded Workbench
#        7.0\stm8\config\lnkstm8l101f3.icf" --config_def _CSTACK_SIZE=0x100
#        --config_def _HEAP_SIZE=0x100 --entry __iar_program_start --debug_lib
#
###############################################################################

*******************************************************************************
*** RUNTIME MODEL ATTRIBUTES
***

__SystemLibrary            = DLib
__code_model               = small
__core                     = stm8
__data_model               = medium
__dlib_file_descriptor     = 0
__dlib_full_locale_support = 0
__rt_version               = 4


*******************************************************************************
*** PLACEMENT SUMMARY
***

"A1":  place at start of [0x000000-0x0000ff] { rw section .vregs };
"A2":  place at end of [0x000000-0x0005ff] { block CSTACK };
"P2":  place in [from 0x000000 to 0x0005ff] {
          block HEAP, rw section __DLIB_PERTHREAD, rw section .far.bss,
          rw section .far.data, rw section .far.noinit,
          rw section .far_func.textrw, rw section .huge.bss,
          rw section .huge.data, rw section .huge.noinit,
          rw section .huge_func.textrw, rw section .iar.dynexit,
          rw section .near.bss, rw section .near.data, rw section .near.noinit,
          rw section .near_func.textrw };
"A3":  place at start of [0x008000-0x009fff] { block INTVEC };
"P3":  place in [from 0x008000 to 0x009fff] {
          ro section __DLIB_PERTHREAD_init, ro section .far.data_init,
          ro section .far_func.textrw_init, ro section .huge.data_init,
          ro section .huge_func.textrw_init, ro section .iar.init_table,
          ro section .init_array, ro section .near.data_init,
          ro section .near.rodata, ro section .near_func.text,
          ro section .near_func.textrw_init, ro section .tiny.data_init,
          ro section .tiny.rodata_init };

  Section          Kind      Address   Size  Object
  -------          ----      -------   ----  ------
"A1":                                   0xc
  .vregs           uninit   0x000000    0xc  vregs.o [4]
                          - 0x00000c    0xc

"P2":                                   0x5
  .near.bss        zero     0x00000c    0x4  main.o [1]
  .near.bss        zero     0x000010    0x1  main.o [1]
                          - 0x000011    0x5

"A2":                                 0x100
  CSTACK                    0x000500  0x100  <Block>
    CSTACK         uninit   0x000500  0x100  <Block tail>
                          - 0x000600  0x100

"A3":                                  0x80
  INTVEC                    0x008000   0x80  <Block>
    .intvec        const    0x008000   0x80  interrupt.o [4]
                          - 0x008080   0x80

"P3":                                 0x3d9
  .near_func.text  ro code  0x008080   0xb1  main.o [1]
  .near_func.text  ro code  0x008131   0x8a  stm8l10x_exti.o [1]
  .near_func.text  ro code  0x0081bb   0x5d  vreg_util.o [4]
  .near_func.text  ro code  0x008218   0x50  stm8l10x_gpio.o [1]
  .near_func.text  ro code  0x008268   0x2a  stm8l10x_it.o [1]
  .near_func.text  ro code  0x008292   0x27  stm8l10x_it.o [1]
  .iar.init_table  const    0x0082b9    0x8  - Linker created -
  .near_func.text  ro code  0x0082c1   0x1e  init_small.o [4]
  .near_func.text  ro code  0x0082df   0x1b  stm8l10x_tim2.o [1]
  .near_func.text  ro code  0x0082fa   0x1a  long_util.o [4]
  .near_func.text  ro code  0x008314   0x17  init.o [4]
  .near_func.text  ro code  0x00832b   0x16  stm8l10x_exti.o [1]
  .near_func.text  ro code  0x008341   0x14  __dbg_xxexit.o [3]
  .near_func.text  ro code  0x008355   0x13  cstartup.o [4]
  .near_func.text  ro code  0x008368   0x13  long.o [4]
  .near_func.text  ro code  0x00837b   0x11  stm8l10x_clk.o [1]
  .near_func.text  ro code  0x00838c   0x11  stm8l10x_tim2.o [1]
  .near_func.text  ro code  0x00839d   0x10  stm8l10x_clk.o [1]
  .near_func.text  ro code  0x0083ad    0xe  stm8l10x_gpio.o [1]
  .near_func.text  ro code  0x0083bb    0xe  stm8l10x_tim2.o [1]
  .near_func.text  ro code  0x0083c9    0xd  stm8l10x_tim2.o [1]
  .near_func.text  ro code  0x0083d6    0xd  stm8l10x_tim2.o [1]
  .near_func.text  ro code  0x0083e3    0xb  main.o [1]
  .near_func.text  ro code  0x0083ee    0x9  main.o [1]
  .near_func.text  ro code  0x0083f7    0x9  stm8l10x_gpio.o [1]
  .near_func.text  ro code  0x008400    0x9  stm8l10x_gpio.o [1]
  .near_func.text  ro code  0x008409    0x8  main.o [1]
  .near_func.text  ro code  0x008411    0x8  main.o [1]
  .near_func.text  ro code  0x008419    0x6  stm8l10x_exti.o [1]
  .near_func.text  ro code  0x00841f    0x6  stm8l10x_exti.o [1]
  .near_func.text  ro code  0x008425    0x6  char.o [4]
  .near_func.text  ro code  0x00842b    0x5  cexit.o [4]
  .near_func.text  ro code  0x008430    0x4  stm8l10x_gpio.o [1]
  .near_func.text  ro code  0x008434    0x3  stm8l10x_gpio.o [1]
  .near_func.text  ro code  0x008437    0x3  interrupt.o [4]
  .near_func.text  ro code  0x00843a    0x3  low_level_init.o [4]
  .near_func.text  ro code  0x00843d    0x3  exit.o [4]
  .near_func.text  ro code  0x008440    0x3  unhandled_exception.o [4]
  .near_func.text  ro code  0x008443    0x1  stm8l10x_it.o [1]
  .near_func.text  ro code  0x008444    0x1  stm8l10x_it.o [1]
  .near_func.text  ro code  0x008445    0x1  stm8l10x_it.o [1]
  .near_func.text  ro code  0x008446    0x1  stm8l10x_it.o [1]
  .near_func.text  ro code  0x008447    0x1  stm8l10x_it.o [1]
  .near_func.text  ro code  0x008448    0x1  stm8l10x_it.o [1]
  .near_func.text  ro code  0x008449    0x1  stm8l10x_it.o [1]
  .near_func.text  ro code  0x00844a    0x1  stm8l10x_it.o [1]
  .near_func.text  ro code  0x00844b    0x1  stm8l10x_it.o [1]
  .near_func.text  ro code  0x00844c    0x1  stm8l10x_it.o [1]
  .near_func.text  ro code  0x00844d    0x1  stm8l10x_it.o [1]
  .near_func.text  ro code  0x00844e    0x1  stm8l10x_it.o [1]
  .near_func.text  ro code  0x00844f    0x1  stm8l10x_it.o [1]
  .near_func.text  ro code  0x008450    0x1  stm8l10x_it.o [1]
  .near_func.text  ro code  0x008451    0x1  stm8l10x_it.o [1]
  .near_func.text  ro code  0x008452    0x1  stm8l10x_it.o [1]
  .near_func.text  ro code  0x008453    0x1  stm8l10x_it.o [1]
  .near_func.text  ro code  0x008454    0x1  stm8l10x_it.o [1]
  .near_func.text  ro code  0x008455    0x1  stm8l10x_it.o [1]
  .near_func.text  ro code  0x008456    0x1  stm8l10x_it.o [1]
  .near_func.text  ro code  0x008457    0x1  stm8l10x_it.o [1]
  .near_func.text  ro code  0x008458    0x1  __dbg_break.o [3]
                          - 0x008459  0x3d9


*******************************************************************************
*** INIT TABLE
***

          Address   Size
          -------   ----
Zero (__iar_zero_init2)
    1 destination range, total size 0x5:
          0x00000c   0x5



*******************************************************************************
*** MODULE SUMMARY
***

    Module                 ro code  ro data  rw data
    ------                 -------  -------  -------
D:\tm88\STM8\main_program\Project\Debug\Obj: [1]
    main.o                     213                 5
    stm8l10x_clk.o              33
    stm8l10x_exti.o            172
    stm8l10x_gpio.o            119
    stm8l10x_it.o              102
    stm8l10x_tim2.o             84
    ------------------------------------------------
    Total:                     723                 5

command line: [2]
    ------------------------------------------------
    Total:

dbgstm8smd.a: [3]
    __dbg_break.o                1
    __dbg_xxexit.o              20
    ------------------------------------------------
    Total:                      21

dlstm8smn.a: [4]
    cexit.o                      5
    char.o                       6
    cstartup.o                  19
    exit.o                       3
    init.o                      23
    init_small.o                30
    interrupt.o                  3      128
    long.o                      19
    long_util.o                 26
    low_level_init.o             3
    unhandled_exception.o        3
    vreg_util.o                 93
    vregs.o                                       12
    ------------------------------------------------
    Total:                     233      128       12

    Linker created                        8      256
----------------------------------------------------
    Grand Total:               977      136      273


*******************************************************************************
*** ENTRY LIST
***

Entry                    Address  Size  Type      Object
-----                    -------  ----  ----      ------
?b0                     0x000000        Data  Gb  vregs.o [4]
?b1                     0x000001        Data  Gb  vregs.o [4]
?b10                    0x00000a        Data  Gb  vregs.o [4]
?b11                    0x00000b        Data  Gb  vregs.o [4]
?b2                     0x000002        Data  Gb  vregs.o [4]
?b3                     0x000003        Data  Gb  vregs.o [4]
?b4                     0x000004        Data  Gb  vregs.o [4]
?b5                     0x000005        Data  Gb  vregs.o [4]
?b6                     0x000006        Data  Gb  vregs.o [4]
?b7                     0x000007        Data  Gb  vregs.o [4]
?b8                     0x000008        Data  Gb  vregs.o [4]
?b9                     0x000009        Data  Gb  vregs.o [4]
?e0                     0x000001        Data  Gb  vregs.o [4]
?e1                     0x000005        Data  Gb  vregs.o [4]
?e2                     0x000009        Data  Gb  vregs.o [4]
?inc32_0x_0x            0x00836d        Code  Gb  long.o [4]
?inc32_l0_l0            0x008368        Code  Gb  long.o [4]
?l0                     0x000000        Data  Gb  vregs.o [4]
?l1                     0x000004        Data  Gb  vregs.o [4]
?l2                     0x000008        Data  Gb  vregs.o [4]
?load32_0x_l0           0x008306        Code  Gb  long_util.o [4]
?load32_l0_0x           0x0082fa        Code  Gb  long_util.o [4]
?pop_l0                 0x0081fa        Code  Gb  vreg_util.o [4]
?pop_l1                 0x008205        Code  Gb  vreg_util.o [4]
?push_l0                0x0081d3        Code  Gb  vreg_util.o [4]
?push_l1                0x0081d8        Code  Gb  vreg_util.o [4]
?push_w4                0x0081bb        Code  Gb  vreg_util.o [4]
?sll8_a_a_5             0x008426        Code  Gb  char.o [4]
?sll8_a_a_6             0x008425        Code  Gb  char.o [4]
?w0                     0x000000        Data  Gb  vregs.o [4]
?w1                     0x000002        Data  Gb  vregs.o [4]
?w2                     0x000004        Data  Gb  vregs.o [4]
?w3                     0x000006        Data  Gb  vregs.o [4]
?w4                     0x000008        Data  Gb  vregs.o [4]
?w5                     0x00000a        Data  Gb  vregs.o [4]
AWU_IRQHandler          0x008445   0x1  Code  Gb  stm8l10x_it.o [1]
CLK_MasterPrescalerConfig
                        0x00839d  0x10  Code  Gb  stm8l10x_clk.o [1]
CLK_PeripheralClockConfig
                        0x00837b  0x11  Code  Gb  stm8l10x_clk.o [1]
COMP_IRQHandler         0x00844f   0x1  Code  Gb  stm8l10x_it.o [1]
CSTACK$$Base            0x000500         --   Gb  - Linker created -
CSTACK$$Limit           0x000600         --   Gb  - Linker created -
EXTI0_IRQHandler        0x008448   0x1  Code  Gb  stm8l10x_it.o [1]
EXTI1_IRQHandler        0x008449   0x1  Code  Gb  stm8l10x_it.o [1]
EXTI2_IRQHandler        0x00844a   0x1  Code  Gb  stm8l10x_it.o [1]
EXTI3_IRQHandler        0x00844b   0x1  Code  Gb  stm8l10x_it.o [1]
EXTI4_IRQHandler        0x00844c   0x1  Code  Gb  stm8l10x_it.o [1]
EXTI5_IRQHandler        0x00844d   0x1  Code  Gb  stm8l10x_it.o [1]
EXTI6_IRQHandler        0x00844e   0x1  Code  Gb  stm8l10x_it.o [1]
EXTI7_IRQHandler        0x008268  0x2a  Code  Gb  stm8l10x_it.o [1]
EXTIB_IRQHandler        0x008446   0x1  Code  Gb  stm8l10x_it.o [1]
EXTID_IRQHandler        0x008447   0x1  Code  Gb  stm8l10x_it.o [1]
EXTI_ClearITPendingBit  0x00832b  0x16  Code  Gb  stm8l10x_exti.o [1]
EXTI_SetPinSensitivity  0x008131  0x8a  Code  Gb  stm8l10x_exti.o [1]
FLASH_IRQHandler        0x008444   0x1  Code  Gb  stm8l10x_it.o [1]
GPIO_ExternalPullUpConfig
                        0x0083ad   0xe  Code  Gb  stm8l10x_gpio.o [1]
GPIO_Init               0x008218  0x50  Code  Gb  stm8l10x_gpio.o [1]
GPIO_ResetBits          0x008430   0x4  Code  Gb  stm8l10x_gpio.o [1]
GPIO_SetBits            0x008434   0x3  Code  Gb  stm8l10x_gpio.o [1]
I2C_IRQHandler          0x008457   0x1  Code  Gb  stm8l10x_it.o [1]
INTVEC$$Base            0x008000         --   Gb  - Linker created -
INTVEC$$Limit           0x008080         --   Gb  - Linker created -
Region$$Table$$Base     0x0082b9         --   Gb  - Linker created -
Region$$Table$$Limit    0x0082c1         --   Gb  - Linker created -
SPI_IRQHandler          0x008454   0x1  Code  Gb  stm8l10x_it.o [1]
TIM2_CAP_IRQHandler     0x008450   0x1  Code  Gb  stm8l10x_it.o [1]
TIM2_ClearFlag          0x0083d6   0xd  Code  Gb  stm8l10x_tim2.o [1]
TIM2_Cmd                0x0083c9   0xd  Code  Gb  stm8l10x_tim2.o [1]
TIM2_ITConfig           0x00838c  0x11  Code  Gb  stm8l10x_tim2.o [1]
TIM2_TimeBaseInit       0x0082df  0x1b  Code  Gb  stm8l10x_tim2.o [1]
TIM2_UPD_OVF_TRG_BRK_IRQHandler
                        0x008292  0x27  Code  Gb  stm8l10x_it.o [1]
TIM3_CAP_IRQHandler     0x008452   0x1  Code  Gb  stm8l10x_it.o [1]
TIM3_UPD_OVF_TRG_BRK_IRQHandler
                        0x008451   0x1  Code  Gb  stm8l10x_it.o [1]
TIM4_UPD_OVF_IRQHandler
                        0x008453   0x1  Code  Gb  stm8l10x_it.o [1]
TRAP_IRQHandler         0x008443   0x1  Code  Gb  stm8l10x_it.o [1]
USART_RX_IRQHandler     0x008456   0x1  Code  Gb  stm8l10x_it.o [1]
USART_TX_IRQHandler     0x008455   0x1  Code  Gb  stm8l10x_it.o [1]
__DebugBreak            0x008458   0x1  Code  Gb  __dbg_break.o [3]
__exit                  0x008341  0x14  Code  Gb  __dbg_xxexit.o [3]
__iar_data_init2        0x008314  0x17  Code  Gb  init.o [4]
__iar_program_start     0x008355        Code  Gb  cstartup.o [4]
__iar_unhandled_exception
                        0x008440        Code  Gb  unhandled_exception.o [4]
__iar_zero_init2        0x0082c1        Code  Gb  init_small.o [4]
__intvec                0x008000        Data  Gb  interrupt.o [4]
__low_level_init        0x00843a   0x3  Code  Gb  low_level_init.o [4]
_exit                   0x00842b        Code  Gb  cexit.o [4]
_interrupt_1            0x008443        Code  Gb  stm8l10x_it.o [1]
_interrupt_10           0x008448        Code  Gb  stm8l10x_it.o [1]
_interrupt_11           0x008449        Code  Gb  stm8l10x_it.o [1]
_interrupt_12           0x00844a        Code  Gb  stm8l10x_it.o [1]
_interrupt_13           0x00844b        Code  Gb  stm8l10x_it.o [1]
_interrupt_14           0x00844c        Code  Gb  stm8l10x_it.o [1]
_interrupt_15           0x00844d        Code  Gb  stm8l10x_it.o [1]
_interrupt_16           0x00844e        Code  Gb  stm8l10x_it.o [1]
_interrupt_17           0x008268        Code  Gb  stm8l10x_it.o [1]
_interrupt_20           0x00844f        Code  Gb  stm8l10x_it.o [1]
_interrupt_21           0x008292        Code  Gb  stm8l10x_it.o [1]
_interrupt_22           0x008450        Code  Gb  stm8l10x_it.o [1]
_interrupt_23           0x008451        Code  Gb  stm8l10x_it.o [1]
_interrupt_24           0x008452        Code  Gb  stm8l10x_it.o [1]
_interrupt_27           0x008453        Code  Gb  stm8l10x_it.o [1]
_interrupt_28           0x008454        Code  Gb  stm8l10x_it.o [1]
_interrupt_29           0x008455        Code  Gb  stm8l10x_it.o [1]
_interrupt_3            0x008444        Code  Gb  stm8l10x_it.o [1]
_interrupt_30           0x008456        Code  Gb  stm8l10x_it.o [1]
_interrupt_31           0x008457        Code  Gb  stm8l10x_it.o [1]
_interrupt_6            0x008445        Code  Gb  stm8l10x_it.o [1]
_interrupt_8            0x008446        Code  Gb  stm8l10x_it.o [1]
_interrupt_9            0x008447        Code  Gb  stm8l10x_it.o [1]
exit                    0x00843d   0x3  Code  Gb  exit.o [4]
main                    0x008080  0xb1  Code  Gb  main.o [1]
u16_counter_ms          0x00000c   0x4  Data  Gb  main.o [1]
u8_button               0x000010   0x1  Data  Gb  main.o [1]


[1] = D:\tm88\STM8\main_program\Project\Debug\Obj
[2] = command line
[3] = dbgstm8smd.a
[4] = dlstm8smn.a

  977 bytes of readonly  code memory
  136 bytes of readonly  data memory
  273 bytes of readwrite data memory

Errors: none
Warnings: none
